For PSO with and without LSI, with LS at 60 iterations and PSO at swarm size 30 and running 50 iterations:
Results with local search initialisation: [18.551951831115936, 19.15446677688145, 18.294898881249257, 17.311500733470417, 19.138733976721415, 18.382561283039262, 17.511399947329497, 18.535104968138093, 18.340203486520817, 18.495743879954308, 18.86487156715968, 18.320860488881024, 18.296701372992743, 18.064608272353475, 16.72543105582726, 18.187315830629988, 18.4826478960979, 17.542080416071002, 17.882273450039794, 17.567092502687245, 17.900263667894006, 18.486124843387373, 18.218932425171907, 18.385244100803344, 19.416913580696242, 17.96590294006421, 17.631601268726744, 19.0349044281374, 18.43643768786691, 18.41338538695758, 17.998463732117226, 17.549974276233307, 17.531106309234683, 17.918358278758525, 17.961194512751085, 17.713567082130073, 18.299610952304803, 18.237244608095455, 18.014662087475, 19.19693908448402, 17.825782667141166, 18.17992960790612, 18.410837019319562, 18.37407257987161, 17.342673673063903, 19.338101586314895, 16.307195238346456, 18.260575357870618, 17.419839956808513, 19.272753590719045]. Mean result: 18.173860822956247
Results without local search initialisation: [19.17851699327007, 19.443512091163623, 19.91306518919302, 20.89565072027288, 19.41866505579665, 19.57460952024312, 19.393275593798723, 19.64149726841229, 17.981826440642482, 19.88824419809614, 20.276358869867142, 20.36246739795799, 19.96459163895435, 19.32796440271593, 20.3202907603385, 19.258049153679934, 19.61010728454763, 20.0511868942171, 19.410529257565248, 20.550971908799493, 19.881357729200634, 20.178670449679203, 19.33273784025195, 19.908782016406906, 20.049658322526273, 19.618843825094782, 19.21241101533636, 19.397926326482615, 19.998046680037863, 20.98269144267519, 19.7361395916955, 19.59765821217258, 20.069916300537603, 19.535042255064354, 19.573003616779765, 19.766322125826175, 19.611030410319234, 19.910548763226444, 19.47813158574724, 19.501001452136588, 19.542153579759244, 19.39428950905951, 19.339204753648932, 19.780779863682305, 19.722242722730723, 19.54748422843413, 20.57455722770433, 19.876028234137962, 19.567416892681774, 19.493685056284207]. Mean result: 19.732782853377053